******************************************************************************
                  TI ARM Linker PC v20.2.7                     
******************************************************************************
>> Linked Sun Apr 14 08:46:37 2024

OUTPUT FILE NAME:   <Graduation_Project_AUTOSAR.out>
ENTRY POINT SYMBOL: "_c_int00_noargs"  address: 0000132d


MEMORY CONFIGURATION

         name            origin    length      used     unused   attr    fill
----------------------  --------  ---------  --------  --------  ----  --------
  FLASH                 00000000   00040000  000013da  0003ec26  R  X
  SRAM                  20000000   00008000  00000218  00007de8  RW X


SEGMENT ALLOCATION MAP

run origin  load origin   length   init length attrs members
----------  ----------- ---------- ----------- ----- -------
00000000    00000000    000013dc   000013dc    r-x
  00000000    00000000    0000026c   0000026c    r-- .intvecs
  0000026c    0000026c    00001136   00001136    r-x .text
  000013a2    000013a2    00000014   00000014    r-- .const
  000013b8    000013b8    00000024   00000024    r-- .cinit
20000000    20000000    00000218   00000000    rw-
  20000000    20000000    00000200   00000000    rw- .stack
  20000200    20000200    00000018   00000000    rw- .data


SECTION ALLOCATION MAP

 output                                  attributes/
section   page    origin      length       input sections
--------  ----  ----------  ----------   ----------------
.intvecs   0    00000000    0000026c     
                  00000000    0000026c     tm4c123gh6pm_startup_ccs.obj (.intvecs)

.text      0    0000026c    00001136     
                  0000026c    00000a34     Port.obj (.text)
                  00000ca0    0000030c     Dio.obj (.text)
                  00000fac    000000a8     Os.obj (.text)
                  00001054    0000009c     rtsv7M4_T_le_v4SPD16_eabi.lib : memcpy_t2.asm.obj (.text)
                  000010f0    0000007c     Button.obj (.text)
                  0000116c    0000007c     Gpt.obj (.text)
                  000011e8    00000068     rtsv7M4_T_le_v4SPD16_eabi.lib : copy_decompress_lzss.c.obj (.text:decompress:lzss:__TI_decompress_lzss)
                  00001250    00000058     App.obj (.text)
                  000012a8    00000044     rtsv7M4_T_le_v4SPD16_eabi.lib : autoinit.c.obj (.text:__TI_auto_init_nobinit_nopinit:__TI_auto_init_nobinit_nopinit)
                  000012ec    0000003e     Led.obj (.text)
                  0000132a    00000002     --HOLE-- [fill = 0]
                  0000132c    00000034     rtsv7M4_T_le_v4SPD16_eabi.lib : boot_cortex_m.c.obj (.text:_c_int00_noargs:_c_int00_noargs)
                  00001360    00000016     Det.obj (.text)
                  00001376    0000000e     rtsv7M4_T_le_v4SPD16_eabi.lib : copy_decompress_none.c.obj (.text:decompress:none:__TI_decompress_none)
                  00001384    0000000c     tm4c123gh6pm_startup_ccs.obj (.text)
                  00001390    0000000a     main.obj (.text)
                  0000139a    00000004     rtsv7M4_T_le_v4SPD16_eabi.lib : pre_init.c.obj (.text:_system_pre_init)
                  0000139e    00000004                                   : exit.c.obj (.text:abort:abort)

.const     0    000013a2    00000014     
                  000013a2    00000010     App.obj (.const:Port_Configuration)
                  000013b2    00000004     Dio_PBcfg.obj (.const:Dio_Configuration)

.cinit     0    000013b8    00000024     
                  000013b8    00000011     (.cinit..data.load) [load image, compression = lzss]
                  000013c9    00000003     --HOLE-- [fill = 0]
                  000013cc    00000008     (__TI_handler_table)
                  000013d4    00000008     (__TI_cinit_table)

.init_array 
*          0    00000000    00000000     UNINITIALIZED

.data      0    20000200    00000018     UNINITIALIZED
                  20000200    00000008     Port.obj (.data)
                  20000208    00000005     Dio.obj (.data)
                  2000020d    00000003     Button.obj (.data)
                  20000210    00000004     Gpt.obj (.data)
                  20000214    00000002     App.obj (.data)
                  20000216    00000002     Os.obj (.data)

.stack     0    20000000    00000200     UNINITIALIZED
                  20000000    00000004     rtsv7M4_T_le_v4SPD16_eabi.lib : boot_cortex_m.c.obj (.stack)
                  20000004    000001fc     --HOLE--

__llvm_prf_cnts 
*          0    20000000    00000000     UNINITIALIZED

MODULE SUMMARY

       Module                         code   ro data   rw data
       ------                         ----   -------   -------
    .\
       Port.obj                       2612   0         8      
       Dio.obj                        780    0         5      
       tm4c123gh6pm_startup_ccs.obj   12     620       0      
       Os.obj                         168    0         2      
       Gpt.obj                        124    0         4      
       Button.obj                     124    0         3      
       App.obj                        88     16        2      
       Led.obj                        62     0         0      
       Det.obj                        22     0         0      
       main.obj                       10     0         0      
       Dio_PBcfg.obj                  0      4         0      
    +--+------------------------------+------+---------+---------+
       Total:                         4002   640       24     
                                                              
    D:\CCS\ccs\tools\compiler\ti-cgt-arm_20.2.7.LTS\lib\rtsv7M4_T_le_v4SPD16_eabi.lib
       memcpy_t2.asm.obj              156    0         0      
       copy_decompress_lzss.c.obj     104    0         0      
       autoinit.c.obj                 68     0         0      
       boot_cortex_m.c.obj            52     0         0      
       copy_decompress_none.c.obj     14     0         0      
       exit.c.obj                     4      0         0      
       pre_init.c.obj                 4      0         0      
    +--+------------------------------+------+---------+---------+
       Total:                         402    0         0      
                                                              
       Stack:                         0      0         512    
       Linker Generated:              0      33        0      
    +--+------------------------------+------+---------+---------+
       Grand Total:                   4404   673       536    


LINKER GENERATED COPY TABLES

__TI_cinit_table @ 000013d4 records: 1, size/record: 8, table size: 8
	.data: load addr=000013b8, load size=00000011 bytes, run addr=20000200, run size=00000018 bytes, compression=lzss


LINKER GENERATED HANDLER TABLE

__TI_handler_table @ 000013cc records: 2, size/record: 4, table size: 8
	index: 0, handler: __TI_decompress_lzss
	index: 1, handler: __TI_decompress_none


GLOBAL SYMBOLS: SORTED ALPHABETICALLY BY Name 

address   name                          
-------   ----                          
00001271  App_Task                      
000010f1  Button_GetState               
000010f7  Button_RefreshState           
00001261  Button_Task                   
0000139f  C$$EXIT                       
20000204  Channels_Ptr                  
00001361  Det_ReportError               
000013b2  Dio_Configuration             
00000e7f  Dio_FlipChannel               
00000ca1  Dio_Init                      
00000da5  Dio_ReadChannel               
00000cc5  Dio_WriteChannel              
00001251  Init_Task                     
00001305  Led_RefreshOutput             
000012f9  Led_SetOff                    
000012ed  Led_SetOn                     
00001269  Led_Task                      
0000131d  Led_Toggle                    
00000fc7  Os_NewTimerTick               
00000fd7  Os_Scheduler                  
00000fad  Os_start                      
000013a2  Port_Configuration            
000009dd  Port_GetVersionInfo           
0000026d  Port_Init                     
000008c5  Port_RefreshPortDirection     
000007b1  Port_SetPinDirection          
00000a25  Port_SetPinMode               
00001385  ResetISR                      
0000116d  SysTick_Handler               
000011c5  SysTick_SetCallBack           
0000117d  SysTick_Start                 
000011bd  SysTick_Stop                  
20000200  __STACK_END                   
00000200  __STACK_SIZE                  
20000200  __STACK_TOP                   
000013d4  __TI_CINIT_Base               
000013dc  __TI_CINIT_Limit              
000013cc  __TI_Handler_Table_Base       
000013d4  __TI_Handler_Table_Limit      
000012a9  __TI_auto_init_nobinit_nopinit
000011e9  __TI_decompress_lzss          
00001377  __TI_decompress_none          
ffffffff  __TI_pprof_out_hndl           
ffffffff  __TI_prof_data_size           
ffffffff  __TI_prof_data_start          
00000000  __TI_static_base__            
00001055  __aeabi_memcpy                
00001055  __aeabi_memcpy4               
00001055  __aeabi_memcpy8               
ffffffff  __binit__                     
ffffffff  __c_args__                    
UNDEFED   __mpu_init                    
20000000  __stack                       
20000000  __start___llvm_prf_cnts       
20000000  __stop___llvm_prf_cnts        
0000132d  _c_int00_noargs               
UNDEFED   _system_post_cinit            
0000139b  _system_pre_init              
0000139f  abort                         
ffffffff  binit                         
00000000  g_pfnVectors                  
00001391  main                          
00001055  memcpy                        


GLOBAL SYMBOLS: SORTED BY Symbol Address 

address   name                          
-------   ----                          
00000000  __TI_static_base__            
00000000  g_pfnVectors                  
00000200  __STACK_SIZE                  
0000026d  Port_Init                     
000007b1  Port_SetPinDirection          
000008c5  Port_RefreshPortDirection     
000009dd  Port_GetVersionInfo           
00000a25  Port_SetPinMode               
00000ca1  Dio_Init                      
00000cc5  Dio_WriteChannel              
00000da5  Dio_ReadChannel               
00000e7f  Dio_FlipChannel               
00000fad  Os_start                      
00000fc7  Os_NewTimerTick               
00000fd7  Os_Scheduler                  
00001055  __aeabi_memcpy                
00001055  __aeabi_memcpy4               
00001055  __aeabi_memcpy8               
00001055  memcpy                        
000010f1  Button_GetState               
000010f7  Button_RefreshState           
0000116d  SysTick_Handler               
0000117d  SysTick_Start                 
000011bd  SysTick_Stop                  
000011c5  SysTick_SetCallBack           
000011e9  __TI_decompress_lzss          
00001251  Init_Task                     
00001261  Button_Task                   
00001269  Led_Task                      
00001271  App_Task                      
000012a9  __TI_auto_init_nobinit_nopinit
000012ed  Led_SetOn                     
000012f9  Led_SetOff                    
00001305  Led_RefreshOutput             
0000131d  Led_Toggle                    
0000132d  _c_int00_noargs               
00001361  Det_ReportError               
00001377  __TI_decompress_none          
00001385  ResetISR                      
00001391  main                          
0000139b  _system_pre_init              
0000139f  C$$EXIT                       
0000139f  abort                         
000013a2  Port_Configuration            
000013b2  Dio_Configuration             
000013cc  __TI_Handler_Table_Base       
000013d4  __TI_CINIT_Base               
000013d4  __TI_Handler_Table_Limit      
000013dc  __TI_CINIT_Limit              
20000000  __stack                       
20000000  __start___llvm_prf_cnts       
20000000  __stop___llvm_prf_cnts        
20000200  __STACK_END                   
20000200  __STACK_TOP                   
20000204  Channels_Ptr                  
ffffffff  __TI_pprof_out_hndl           
ffffffff  __TI_prof_data_size           
ffffffff  __TI_prof_data_start          
ffffffff  __binit__                     
ffffffff  __c_args__                    
ffffffff  binit                         
UNDEFED   __mpu_init                    
UNDEFED   _system_post_cinit            

[63 symbols]
